// Jest Snapshot v1, https://goo.gl/fbAQLP

exports[`errors as stack traces 1`] = `
Object {
  "Error": Object {
    "/Users/user/Documents/www/file.js:44:3": Object {
      " request problem": Object {
        "__meta": Object {
          "\\"?\\"": 1,
        },
      },
      "__meta": Object {
        " request problem": 1,
        "__relationship": Array [],
      },
    },
    "/Users/user/Documents/www/file.js:4:12": Object {
      " request problem": Object {
        "__meta": Object {
          "\\"?\\"": 2,
        },
      },
      "__meta": Object {
        " request problem": 2,
        "__relationship": Array [],
      },
    },
    "/Users/user/Documents/www/foo.js:4:12": Object {
      " user login problem": Object {
        "__meta": Object {
          "\\"?\\"": 1,
        },
      },
      " user password problem": Object {
        "__meta": Object {
          "\\"?\\"": 1,
        },
      },
      "__meta": Object {
        " user login problem": 1,
        " user password problem": 1,
        "__relationship": Array [
          Array [
            0.6363636363636364,
            " user login problem",
            " user password problem",
          ],
        ],
      },
    },
    "__meta": Object {
      "/Users/user/Documents/www/file.js:44:3": 1,
      "/Users/user/Documents/www/file.js:4:12": 2,
      "/Users/user/Documents/www/foo.js:4:12": 2,
    },
  },
  "__meta": Object {
    "Error": 5,
    "__info": Object {},
  },
}
`;
